// Jest Snapshot v1, https://goo.gl/fbAQLP

exports[`renders custom button component 1`] = `ShallowWrapper {}`;
